project,filePath,importPath,name,isTableDriven,scenarioDataStructure,scenarioCount,scenarioNameField,scenarioExpectedFields,scenarioHasFunctionFields,scenarioUsesSubtest,refactorStrategy,refactorGenerationStatus,originalExecutionResult,refactoredExecutionResult,importedPackages,numLoops,tableDrivenLoops,numConditionals,numControlFlowStatements
,,,TestArrayRange,true,struct list,2,name,want,false,true,none,none,notRun,notRun,"fmt, testing",1,1,,
,,,TestAssertInExternalPkg,true,struct list,1,Name,Want,false,false,none,none,notRun,notRun,"testing, github.com/maxgreen01/go-test-analyzer/test/testdata/sampleproj/testhelper",1,1,,
,,,TestAssertInExternalPkgSubtest,true,struct list,1,Name,Want,false,true,none,none,notRun,notRun,"testing, github.com/maxgreen01/go-test-analyzer/test/testdata/sampleproj/testhelper",1,1,,
,,,TestAssertInHelper,true,struct list,1,name,want,false,false,none,none,notRun,notRun,testing,1,1,,
,,,TestAssertInHelperSubtest,true,struct list,1,name,want,false,true,none,none,notRun,notRun,testing,1,1,,
,,,TestAssertionLoopOnly,false,none,0,,,false,false,none,none,notRun,notRun,testing,1,1,,
,,,TestConditionalLogic,true,struct list,1,name,want,false,true,none,none,notRun,notRun,"strings, testing",1,1,,
,,,TestConditionals,true,struct list,2,name,want,false,false,none,none,notRun,notRun,"strconv, strings, testing, github.com/maxgreen01/go-test-analyzer/test/testdata/sampleproj/testhelper",1,0,,
,,,TestEverythingInExternalPkg,false,none,0,,,false,false,none,none,notRun,notRun,"testing, github.com/maxgreen01/go-test-analyzer/test/testdata/sampleproj/testhelper",0,0,,
,,,TestEverythingInExternalPkgSubtest,false,none,0,,,false,false,none,none,notRun,notRun,"testing, github.com/maxgreen01/go-test-analyzer/test/testdata/sampleproj/testhelper",0,0,,
,,,TestEverythingInHelper,false,none,0,,,false,false,none,none,notRun,notRun,testing,1,1,,
,,,TestEverythingInHelperSubtest,false,none,0,,,false,false,none,none,notRun,notRun,testing,1,1,,
,,,TestExpandedStatements,true,struct list,1,name,want,false,false,none,none,notRun,notRun,"strconv, strings, testing, github.com/maxgreen01/go-test-analyzer/test/testdata/sampleproj/testhelper",3,2,,
,,,TestForIndexed,true,struct list,1,name,want,false,true,none,none,notRun,notRun,"fmt, testing",1,1,,
,,,TestFunctionFields,true,struct list,1,name,,true,true,none,none,notRun,notRun,testing,1,1,,
,,,TestIndexedNoAssign,true,struct list,1,name,want,false,true,none,none,notRun,notRun,"fmt, testing",1,1,,
,,,TestInlineScenarios,true,struct list,1,name,want,false,true,none,none,notRun,notRun,"fmt, testing",1,1,,
,,,TestLoopInExternalPkg,false,none,0,,,false,false,none,none,notRun,notRun,"testing, github.com/maxgreen01/go-test-analyzer/test/testdata/sampleproj/testhelper",0,0,,
,,,TestLoopInExternalPkgSubtest,false,none,0,,,false,false,none,none,notRun,notRun,"testing, github.com/maxgreen01/go-test-analyzer/test/testdata/sampleproj/testhelper",0,0,,
,,,TestLoopInHelper,false,none,0,,,false,false,none,none,notRun,notRun,testing,1,1,,
,,,TestLoopInHelperSubtest,false,none,0,,,false,false,none,none,notRun,notRun,testing,1,1,,
,,,TestMapRange,true,map,2,map key,want,false,true,none,none,notRun,notRun,"fmt, testing",1,1,,
,,,TestMapRangeNonStruct,true,map,2,,,false,false,none,none,notRun,notRun,"fmt, testing",1,1,,
,,,TestMultipleExpected,true,struct list,1,name,"expectedVal, result, expectStatus",false,true,none,none,notRun,notRun,testing,1,1,,
,,,TestMultipleLoops,false,map,0,,,false,false,none,none,notRun,notRun,"strconv, strings, testing, github.com/maxgreen01/go-test-analyzer/test/testdata/sampleproj/testhelper",3,1,,
,,,TestMultipleTdLoops,true,struct list,1,name,want,false,true,none,none,notRun,notRun,"strconv, strings, testing, github.com/maxgreen01/go-test-analyzer/test/testdata/sampleproj/testhelper",2,2,,
,,,TestMutatedContainerIndexed,false,none,0,,,false,false,none,none,notRun,notRun,testing,1,0,,
,,,TestMutatedContainerRange,false,none,0,,,false,false,none,none,notRun,notRun,testing,1,0,,
,,,TestMutatedElement,false,none,0,,,false,false,none,none,notRun,notRun,testing,1,0,,
,,,TestNameField,true,struct list,1,scenarioName,,false,true,none,none,notRun,notRun,testing,1,1,,
,,,TestNestedBothSubtest,true,struct list,1,groupName,,false,true,none,none,notRun,notRun,testing,1,1,,
,,,TestNestedBothTD,true,struct list,1,groupName,,false,false,none,none,notRun,notRun,testing,1,1,,
,,,TestNestedInnerSubtest,true,struct list,1,name,want,false,true,none,none,notRun,notRun,testing,1,1,,
,,,TestNestedInnerTD,true,struct list,1,name,want,false,false,none,none,notRun,notRun,testing,1,1,,
,,,TestNestedOuterSubtest,true,struct list,1,name,want,false,true,none,none,notRun,notRun,testing,1,1,,
,,,TestNestedOuterTD,true,struct list,1,name,want,false,false,none,none,notRun,notRun,testing,1,1,,
,,,TestNoLoops,false,none,0,,,false,false,none,none,notRun,notRun,testing,0,0,,
,,,TestNoLoopsSubtests,false,none,0,,,false,false,none,none,notRun,notRun,testing,0,0,,
,,,TestNoSubtest,true,struct list,1,name,want,false,false,none,none,notRun,notRun,testing,1,1,,
,,,TestRangeInt,true,struct list,1,name,want,false,true,none,none,notRun,notRun,"fmt, testing",1,1,,
,,,TestRangeNonStruct,true,non-struct list,3,,,false,true,none,none,notRun,notRun,"fmt, testing",1,1,,
,,,TestRangeOther,true,other,0,,,false,true,none,none,notRun,notRun,"fmt, testing",1,1,,
,,,TestScenariosFromExternalPkg,false,struct list,0,Name,Want,false,false,none,none,notRun,notRun,"testing, github.com/maxgreen01/go-test-analyzer/test/testdata/sampleproj/testhelper",1,1,,
,,,TestScenariosFromExternalPkgSubtest,true,struct list,0,Name,Want,false,true,none,none,notRun,notRun,"testing, github.com/maxgreen01/go-test-analyzer/test/testdata/sampleproj/testhelper",1,1,,
,,,TestScenariosFromHelper,false,struct list,0,name,want,false,false,none,none,notRun,notRun,testing,1,1,,
,,,TestScenariosFromHelperSubtest,true,struct list,0,name,want,false,true,none,none,notRun,notRun,testing,1,1,,
,,,TestScenariosOtherFile,false,struct list,0,name,want,false,false,none,none,notRun,notRun,"testing, github.com/maxgreen01/go-test-analyzer/test/testdata/sampleproj/testhelper",1,1,,
,,,TestScenariosOtherFileSubtest,true,struct list,0,name,want,false,true,none,none,notRun,notRun,"testing, github.com/maxgreen01/go-test-analyzer/test/testdata/sampleproj/testhelper",1,1,,
,,,TestScenariosOtherPkg,false,struct list,0,Name,Want,false,false,none,none,notRun,notRun,"testing, github.com/maxgreen01/go-test-analyzer/test/testdata/sampleproj/testhelper",1,1,,
,,,TestScenariosOtherPkgSubtest,true,struct list,0,Name,Want,false,true,none,none,notRun,notRun,"testing, github.com/maxgreen01/go-test-analyzer/test/testdata/sampleproj/testhelper",1,1,,
,,,TestScenariosSameFile,true,struct list,1,name,expected,false,false,none,none,notRun,notRun,"testing, github.com/maxgreen01/go-test-analyzer/test/testdata/sampleproj/testhelper",1,1,,
,,,TestScenariosSameFileSubtest,true,struct list,1,name,expected,false,true,none,none,notRun,notRun,"testing, github.com/maxgreen01/go-test-analyzer/test/testdata/sampleproj/testhelper",1,1,,
,,,TestSetupLoopOnly,false,none,0,,,false,false,none,none,notRun,notRun,testing,1,0,,
,,,TestSliceRange,true,struct list,2,name,want,false,true,none,none,notRun,notRun,"fmt, testing",1,1,,
,,,TestSubtestNameField,true,struct list,1,identifier,,false,true,none,none,notRun,notRun,testing,1,1,,
,,,TestTableBasedConditionals,true,struct list,2,name,want,true,false,none,none,notRun,notRun,"strings, testing",1,0,,
,,,TestThirdPartyPackage,true,struct list,1,name,want,false,false,none,none,notRun,notRun,"testing, github.com/frankban/quicktest, github.com/stretchr/testify/assert",1,1,,
,,,TestUnusedScenarios,false,none,0,,,false,false,none,none,notRun,notRun,testing,1,0,,
,,,TestZeroFields,true,struct list,1,,,false,false,none,none,notRun,notRun,testing,1,0,,
,,,TestZeroScenarios,false,struct list,0,name,want,false,false,none,none,notRun,notRun,testing,1,1,,
