project,filePath,importPath,name,isTableDriven,scenarioDataStructure,scenarioCount,scenarioNameField,scenarioExpectedFields,scenarioHasFunctionFields,scenarioUsesSubtest,refactorStrategy,refactorGenerationStatus,originalExecutionResult,refactoredExecutionResult,importedPackages,numLoops,tableDrivenLoops,numConditionals,numControlFlowStatements
,,,TestArrayRange,true,struct list,2,name,want,false,true,subtest,none,notRun,notRun,"fmt, testing",,,,
,,,TestAssertInExternalPkg,true,struct list,1,Name,Want,false,false,subtest,success,pass,pass,"testing, github.com/maxgreen01/go-test-analyzer/test/testdata/sampleproj/testhelper",,,,
,,,TestAssertInExternalPkgSubtest,true,struct list,1,Name,Want,false,true,subtest,none,notRun,notRun,"testing, github.com/maxgreen01/go-test-analyzer/test/testdata/sampleproj/testhelper",,,,
,,,TestAssertInHelper,true,struct list,1,name,want,false,false,subtest,success,pass,pass,testing,,,,
,,,TestAssertInHelperSubtest,true,struct list,1,name,want,false,true,subtest,none,notRun,notRun,testing,,,,
,,,TestAssertionLoopOnly,false,none,0,,,false,false,subtest,none,notRun,notRun,testing,,,,
,,,TestConditionals,true,struct list,2,name,want,false,false,subtest,success,pass,pass,"strconv, strings, testing, github.com/maxgreen01/go-test-analyzer/test/testdata/sampleproj/testhelper",,,,
,,,TestEverythingInExternalPkg,false,none,0,,,false,false,subtest,none,notRun,notRun,"testing, github.com/maxgreen01/go-test-analyzer/test/testdata/sampleproj/testhelper",,,,
,,,TestEverythingInExternalPkgSubtest,false,none,0,,,false,false,subtest,none,notRun,notRun,"testing, github.com/maxgreen01/go-test-analyzer/test/testdata/sampleproj/testhelper",,,,
,,,TestEverythingInHelper,false,none,0,,,false,false,subtest,none,notRun,notRun,testing,,,,
,,,TestEverythingInHelperSubtest,false,none,0,,,false,false,subtest,none,notRun,notRun,testing,,,,
,,,TestExpandedStatements,true,struct list,1,name,want,false,false,subtest,success,pass,pass,"strconv, strings, testing, github.com/maxgreen01/go-test-analyzer/test/testdata/sampleproj/testhelper",,,,
,,,TestForIndexed,true,struct list,1,name,want,false,true,subtest,none,notRun,notRun,"fmt, testing",,,,
,,,TestFunctionFields,true,struct list,1,name,,true,true,subtest,none,notRun,notRun,testing,,,,
,,,TestIndexedNoAssign,true,struct list,1,name,want,false,true,subtest,none,notRun,notRun,"fmt, testing",,,,
,,,TestInlineScenarios,true,struct list,1,name,want,false,true,subtest,none,notRun,notRun,"fmt, testing",,,,
,,,TestLoopInExternalPkg,false,none,0,,,false,false,subtest,none,notRun,notRun,"testing, github.com/maxgreen01/go-test-analyzer/test/testdata/sampleproj/testhelper",,,,
,,,TestLoopInExternalPkgSubtest,false,none,0,,,false,false,subtest,none,notRun,notRun,"testing, github.com/maxgreen01/go-test-analyzer/test/testdata/sampleproj/testhelper",,,,
,,,TestLoopInHelper,false,none,0,,,false,false,subtest,none,notRun,notRun,testing,,,,
,,,TestLoopInHelperSubtest,false,none,0,,,false,false,subtest,none,notRun,notRun,testing,,,,
,,,TestMapRange,true,map,2,map key,want,false,true,subtest,none,notRun,notRun,"fmt, testing",,,,
,,,TestMapRangeNonStruct,true,map,2,,,false,false,subtest,badFields,notRun,notRun,"fmt, testing",,,,
,,,TestMultipleExpected,true,struct list,1,name,"expectedVal, result, expectStatus",false,true,subtest,none,notRun,notRun,testing,,,,
,,,TestMultipleLoops,false,map,0,,,false,false,subtest,none,notRun,notRun,"strconv, strings, testing, github.com/maxgreen01/go-test-analyzer/test/testdata/sampleproj/testhelper",,,,
,,,TestMultipleTdLoops,true,struct list,1,name,want,false,true,subtest,none,notRun,notRun,"strconv, strings, testing, github.com/maxgreen01/go-test-analyzer/test/testdata/sampleproj/testhelper",,,,
,,,TestMutatedContainerIndexed,false,none,0,,,false,false,subtest,none,notRun,notRun,testing,,,,
,,,TestMutatedContainerRange,false,none,0,,,false,false,subtest,none,notRun,notRun,testing,,,,
,,,TestMutatedElement,false,none,0,,,false,false,subtest,none,notRun,notRun,testing,,,,
,,,TestNameField,true,struct list,1,scenarioName,,false,true,subtest,none,notRun,notRun,testing,,,,
,,,TestNestedBothSubtest,true,struct list,1,groupName,,false,true,subtest,none,notRun,notRun,testing,,,,
,,,TestNestedBothTD,true,struct list,1,groupName,,false,false,subtest,success,pass,pass,testing,,,,
,,,TestNestedInnerSubtest,true,struct list,1,name,want,false,true,subtest,none,notRun,notRun,testing,,,,
,,,TestNestedInnerTD,true,struct list,1,name,want,false,false,subtest,success,pass,pass,testing,,,,
,,,TestNestedOuterSubtest,true,struct list,1,name,want,false,true,subtest,none,notRun,notRun,testing,,,,
,,,TestNestedOuterTD,true,struct list,1,name,want,false,false,subtest,success,pass,pass,testing,,,,
,,,TestNoLoops,false,none,0,,,false,false,subtest,none,notRun,notRun,testing,,,,
,,,TestNoLoopsSubtests,false,none,0,,,false,false,subtest,none,notRun,notRun,testing,,,,
,,,TestNoSubtest,true,struct list,1,name,want,false,false,subtest,success,pass,pass,testing,,,,
,,,TestRangeInt,true,struct list,1,name,want,false,true,subtest,none,notRun,notRun,"fmt, testing",,,,
,,,TestRangeNonStruct,true,non-struct list,3,,,false,true,subtest,none,notRun,notRun,"fmt, testing",,,,
,,,TestRangeOther,true,other,0,,,false,true,subtest,none,notRun,notRun,"fmt, testing",,,,
,,,TestScenariosFromExternalPkg,false,struct list,0,Name,Want,false,false,subtest,none,notRun,notRun,"testing, github.com/maxgreen01/go-test-analyzer/test/testdata/sampleproj/testhelper",,,,
,,,TestScenariosFromExternalPkgSubtest,true,struct list,0,Name,Want,false,true,subtest,none,notRun,notRun,"testing, github.com/maxgreen01/go-test-analyzer/test/testdata/sampleproj/testhelper",,,,
,,,TestScenariosFromHelper,false,struct list,0,name,want,false,false,subtest,none,notRun,notRun,testing,,,,
,,,TestScenariosFromHelperSubtest,true,struct list,0,name,want,false,true,subtest,none,notRun,notRun,testing,,,,
,,,TestScenariosOtherFile,false,struct list,0,name,want,false,false,subtest,none,notRun,notRun,"testing, github.com/maxgreen01/go-test-analyzer/test/testdata/sampleproj/testhelper",,,,
,,,TestScenariosOtherFileSubtest,true,struct list,0,name,want,false,true,subtest,none,notRun,notRun,"testing, github.com/maxgreen01/go-test-analyzer/test/testdata/sampleproj/testhelper",,,,
,,,TestScenariosOtherPkg,false,struct list,0,Name,Want,false,false,subtest,none,notRun,notRun,"testing, github.com/maxgreen01/go-test-analyzer/test/testdata/sampleproj/testhelper",,,,
,,,TestScenariosOtherPkgSubtest,true,struct list,0,Name,Want,false,true,subtest,none,notRun,notRun,"testing, github.com/maxgreen01/go-test-analyzer/test/testdata/sampleproj/testhelper",,,,
,,,TestScenariosSameFile,true,struct list,1,name,expected,false,false,subtest,success,pass,pass,"testing, github.com/maxgreen01/go-test-analyzer/test/testdata/sampleproj/testhelper",,,,
,,,TestScenariosSameFileSubtest,true,struct list,1,name,expected,false,true,subtest,none,notRun,notRun,"testing, github.com/maxgreen01/go-test-analyzer/test/testdata/sampleproj/testhelper",,,,
,,,TestSetupLoopOnly,false,none,0,,,false,false,subtest,none,notRun,notRun,testing,,,,
,,,TestSliceRange,true,struct list,2,name,want,false,true,subtest,none,notRun,notRun,"fmt, testing",,,,
,,,TestSubtestNameField,true,struct list,1,identifier,,false,true,subtest,none,notRun,notRun,testing,,,,
,,,TestTableBasedConditionals,true,struct list,2,name,want,true,false,subtest,success,pass,pass,"strconv, strings, testing, github.com/maxgreen01/go-test-analyzer/test/testdata/sampleproj/testhelper",,,,
,,,TestThirdPartyPackage,true,struct list,1,name,want,false,false,subtest,success,pass,pass,"testing, github.com/frankban/quicktest, github.com/stretchr/testify/assert",,,,
,,,TestUnusedScenarios,false,none,0,,,false,false,subtest,none,notRun,notRun,testing,,,,
,,,TestZeroFields,true,struct list,1,,,false,false,subtest,badFields,notRun,notRun,testing,,,,
,,,TestZeroScenarios,false,struct list,0,name,want,false,false,subtest,none,notRun,notRun,testing,,,,
