project,filePath,importPath,name,isTableDriven,scenarioDataStructure,scenarioCount,scenarioNameField,scenarioExpectedFields,scenarioHasFunctionFields,scenarioUsesSubtest,refactorStrategy,refactorGenerationStatus,originalExecutionResult,refactoredExecutionResult,importedPackages,localLoops,delegatedLoops,tableDrivenLoops
,,,TestArrayRange,true,structList,2,name,want,false,true,subtest,none,notRun,notRun,testing,,,
,,,TestAssertInExternalPkg,true,structList,1,Name,Want,false,true,subtest,none,notRun,notRun,"testing, github.com/maxgreen01/go-test-analyzer/test/testdata/sampleproj/testhelper",,,
,,,TestAssertInHelper,true,structList,1,name,want,false,true,subtest,none,notRun,notRun,testing,,,
,,,TestAssertionLoopOnly,false,none,0,,,false,false,subtest,none,notRun,notRun,testing,,,
,,,TestEverythingInExternalPkg,false,none,0,,,false,false,subtest,none,notRun,notRun,"testing, github.com/maxgreen01/go-test-analyzer/test/testdata/sampleproj/testhelper",,,
,,,TestEverythingInHelper,false,none,0,,,false,false,subtest,none,notRun,notRun,testing,,,
,,,TestExpandedStatements,true,structList,1,name,want,false,false,subtest,success,pass,pass,"testing, github.com/maxgreen01/go-test-analyzer/test/testdata/sampleproj/testhelper",,,
,,,TestForIndexed,true,structList,1,name,want,false,true,subtest,none,notRun,notRun,testing,,,
,,,TestFunctionFields,true,structList,1,name,,true,true,subtest,none,notRun,notRun,testing,,,
,,,TestIndexedNoAssign,true,structList,1,name,want,false,true,subtest,none,notRun,notRun,testing,,,
,,,TestInlineScenarios,true,structList,1,name,want,false,true,subtest,none,notRun,notRun,testing,,,
,,,TestLoopInExternalPkg,false,none,0,,,false,false,subtest,none,notRun,notRun,"testing, github.com/maxgreen01/go-test-analyzer/test/testdata/sampleproj/testhelper",,,
,,,TestLoopInHelper,false,none,0,,,false,false,subtest,none,notRun,notRun,testing,,,
,,,TestMapRange,true,map,2,map key,want,false,true,subtest,none,notRun,notRun,testing,,,
,,,TestMapRangeNonStruct,true,map,2,,,false,false,subtest,badFields,notRun,notRun,testing,,,
,,,TestMultipleExpected,true,structList,1,name,"expectedVal, result, expectStatus",false,true,subtest,none,notRun,notRun,testing,,,
,,,TestMultipleLoops,false,map,0,,,false,false,subtest,none,notRun,notRun,"testing, github.com/maxgreen01/go-test-analyzer/test/testdata/sampleproj/testhelper",,,
,,,TestMultipleTdLoops,true,structList,1,name,want,false,true,subtest,none,notRun,notRun,"testing, github.com/maxgreen01/go-test-analyzer/test/testdata/sampleproj/testhelper",,,
,,,TestMutatedContainer,false,none,0,,,false,false,subtest,none,notRun,notRun,testing,,,
,,,TestMutatedElement,true,structList,1,,,false,false,subtest,badFields,notRun,notRun,testing,,,
,,,TestNameField,true,structList,1,scenarioName,,false,true,subtest,none,notRun,notRun,testing,,,
,,,TestNestedBothTD,true,structList,1,groupName,,false,true,subtest,none,notRun,notRun,testing,,,
,,,TestNestedInnerTD,false,none,0,,,false,false,subtest,none,notRun,notRun,testing,,,
,,,TestNestedOuterTD,true,structList,1,name,want,false,true,subtest,none,notRun,notRun,testing,,,
,,,TestNoLoops,false,none,0,,,false,false,subtest,none,notRun,notRun,testing,,,
,,,TestNoLoopsSubtests,false,none,0,,,false,false,subtest,none,notRun,notRun,testing,,,
,,,TestNoSubtest,true,structList,1,name,want,false,false,subtest,success,pass,pass,testing,,,
,,,TestRangeInt,true,structList,1,name,want,false,true,subtest,none,notRun,notRun,testing,,,
,,,TestScenariosFromExternalPkg,false,structList,0,Name,Want,false,true,subtest,none,notRun,notRun,"testing, github.com/maxgreen01/go-test-analyzer/test/testdata/sampleproj/testhelper",,,
,,,TestScenariosFromHelper,false,structList,0,name,want,false,true,subtest,none,notRun,notRun,testing,,,
,,,TestScenariosOtherFile,false,structList,0,name,want,false,true,subtest,none,notRun,notRun,"testing, github.com/maxgreen01/go-test-analyzer/test/testdata/sampleproj/testhelper",,,
,,,TestScenariosOtherPkg,false,structList,0,Name,Want,false,true,subtest,none,notRun,notRun,"testing, github.com/maxgreen01/go-test-analyzer/test/testdata/sampleproj/testhelper",,,
,,,TestScenariosSameFile,true,structList,1,name,expected,false,true,subtest,none,notRun,notRun,"testing, github.com/maxgreen01/go-test-analyzer/test/testdata/sampleproj/testhelper",,,
,,,TestSetupLoopOnly,false,none,0,,,false,false,subtest,none,notRun,notRun,testing,,,
,,,TestSliceRange,true,structList,2,name,want,false,true,subtest,none,notRun,notRun,testing,,,
,,,TestSubtestNameField,true,structList,1,identifier,,false,true,subtest,none,notRun,notRun,testing,,,
,,,TestThirdPartyPackage,true,structList,1,name,want,false,false,subtest,success,pass,pass,"testing, github.com/frankban/quicktest, github.com/stretchr/testify/assert",,,
,,,TestUnusedScenarios,true,structList,1,,,false,true,subtest,none,notRun,notRun,testing,,,
,,,TestZeroFields,true,structList,1,,,false,false,subtest,badFields,notRun,notRun,testing,,,
,,,TestZeroScenarios,false,structList,0,name,want,false,false,subtest,none,notRun,notRun,testing,,,
