{
  "IfElseAnalysis": {
    "conditionals": [
      {
        "clauses": [
          {
            "delegated": false,
            "doesExternalMutation": false,
            "hasAssertion": {
              "delegated": false,
              "present": true
            },
            "hasEarlyExit": {
              "delegated": false,
              "present": false
            },
            "hasSubtest": {
              "delegated": false,
              "present": false
            },
            "length": 1,
            "type": "then",
            "variables": [
              {
                "checkTypes": [
                  "comparison"
                ],
                "name": "got",
                "source": "loop-local"
              },
              {
                "checkTypes": [
                  "comparison"
                ],
                "name": "tc.want",
                "source": "scenario"
              }
            ]
          }
        ],
        "content": "if got := tc.input * 2; got != tc.want {\n\tt.Errorf(\"got %d, want %d\", got, tc.want)\n}",
        "depth": 0,
        "inHelper": false
      }
    ],
    "numDelegatedIfs": 0,
    "numLocalIfs": 1
  },
  "ImportedPackages": [
    "fmt",
    "testing"
  ],
  "ParsedStatements": [
    {
      "stmt": "tests := []scenario{\n\t{name: \"positive\", input: 2, want: 4},\n\t{name: \"negative\", input: -1, want: -2},\n}"
    },
    {
      "children": [
        {
          "children": [
            {
              "children": [
                {
                  "children": [
                    {
                      "stmt": "t.Errorf(\"got %d, want %d\", got, tc.want)"
                    }
                  ],
                  "stmt": "if got := tc.input * 2; got != tc.want {\n\tt.Errorf(\"got %d, want %d\", got, tc.want)\n}"
                }
              ],
              "stmt": "func(t *testing.T) {\n\tif got := tc.input * 2; got != tc.want {\n\t\tt.Errorf(\"got %d, want %d\", got, tc.want)\n\t}\n}"
            }
          ],
          "stmt": "t.Run(tc.name, func(t *testing.T) {\n\tif got := tc.input * 2; got != tc.want {\n\t\tt.Errorf(\"got %d, want %d\", got, tc.want)\n\t}\n})"
        }
      ],
      "stmt": "for _, tc := range tests {\n\tt.Run(tc.name, func(t *testing.T) {\n\t\tif got := tc.input * 2; got != tc.want {\n\t\t\tt.Errorf(\"got %d, want %d\", got, tc.want)\n\t\t}\n\t})\n}"
    }
  ],
  "RefactorResult": {
    "originalTestResult": "notRun",
    "refactoredTestResult": "notRun",
    "refactorings": null,
    "status": "none",
    "strategy": "none"
  },
  "ScenarioSet": {
    "dataStructure": "struct list",
    "expectedFields": [
      "want"
    ],
    "hasFunctionFields": false,
    "isTableDriven": true,
    "nameField": "name",
    "runner": "for _, tc := range tests {\n\tt.Run(tc.name, func(t *testing.T) {\n\t\tif got := tc.input * 2; got != tc.want {\n\t\t\tt.Errorf(\"got %d, want %d\", got, tc.want)\n\t\t}\n\t})\n}",
    "scenarioStructName": "tests",
    "scenarioType": "struct{name string; input int; want int}",
    "scenarios": [
      "{name: \"positive\", input: 2, want: 4},",
      "{name: \"negative\", input: -1, want: -2},"
    ],
    "usesSubtest": true
  },
  "TestCase": {
    "filePath": "",
    "funcDecl": "// TestSliceRange is a typical table-driven test: slice of structs, range loop, subtests.\nfunc TestSliceRange(t *testing.T) {\n\ttests := []scenario{\n\t\t{name: \"positive\", input: 2, want: 4},\n\t\t{name: \"negative\", input: -1, want: -2},\n\t}\n\tfor _, tc := range tests {\n\t\tt.Run(tc.name, func(t *testing.T) {\n\t\t\tif got := tc.input * 2; got != tc.want {\n\t\t\t\tt.Errorf(\"got %d, want %d\", got, tc.want)\n\t\t\t}\n\t\t})\n\t}\n}",
    "importPath": "",
    "name": "TestSliceRange",
    "package": "sampleproj",
    "project": ""
  }
}