{
  "ImportedPackages": [
    "testing",
    "github.com/frankban/quicktest",
    "github.com/stretchr/testify/assert"
  ],
  "LoopAnalysis": {
    "loops": [
      {
        "content": "for _, tc := range tests {\n\t// Testify assertion\n\tassert.Equal(t, tc.want, tc.input)\n\t// Quicktest subtest \u0026 assertion\n\tc.Run(tc.name, func(c *qt.C) {\n\t\tc.Assert(tc.input, qt.DeepEquals, tc.want)\n\t})\n}",
        "delegated": false,
        "doesExternalMutation": false,
        "hasAssertion": {
          "delegated": false,
          "present": true
        },
        "hasEarlyExit": false,
        "hasSubtest": {
          "delegated": false,
          "present": true
        },
        "indicatesTableDriven": true,
        "loopType": "range structs"
      }
    ],
    "numDelegatedLoops": 0,
    "numLocalLoops": 1
  },
  "ParsedStatements": [
    {
      "children": [
        {
          "stmt": "qt.New(t)"
        }
      ],
      "stmt": "c := qt.New(t)"
    },
    {
      "stmt": "tests := []thirdPartyScenario{\n\t{name: \"equal\", input: []int{1, 2}, want: []int{1, 2}},\n}"
    },
    {
      "children": [
        {
          "stmt": "assert.Equal(t, tc.want, tc.input)"
        },
        {
          "children": [
            {
              "children": [
                {
                  "stmt": "c.Assert(tc.input, qt.DeepEquals, tc.want)"
                }
              ],
              "stmt": "func(c *qt.C) {\n\tc.Assert(tc.input, qt.DeepEquals, tc.want)\n}"
            }
          ],
          "stmt": "c.Run(tc.name, func(c *qt.C) {\n\tc.Assert(tc.input, qt.DeepEquals, tc.want)\n})"
        }
      ],
      "stmt": "for _, tc := range tests {\n\t// Testify assertion\n\tassert.Equal(t, tc.want, tc.input)\n\t// Quicktest subtest \u0026 assertion\n\tc.Run(tc.name, func(c *qt.C) {\n\t\tc.Assert(tc.input, qt.DeepEquals, tc.want)\n\t})\n}"
    }
  ],
  "RefactorResult": {
    "originalTestResult": "notRun",
    "refactoredTestResult": "notRun",
    "refactorings": null,
    "status": "none",
    "strategy": "none"
  },
  "ScenarioSet": {
    "dataStructure": "struct list",
    "expectedFields": [
      "want"
    ],
    "hasFunctionFields": false,
    "isTableDriven": true,
    "nameField": "name",
    "runner": "for _, tc := range tests {\n\t// Testify assertion\n\tassert.Equal(t, tc.want, tc.input)\n\t// Quicktest subtest \u0026 assertion\n\tc.Run(tc.name, func(c *qt.C) {\n\t\tc.Assert(tc.input, qt.DeepEquals, tc.want)\n\t})\n}",
    "scenarioStructName": "tests",
    "scenarioType": "struct{name string; input []int; want []int}",
    "scenarios": [
      "{name: \"equal\", input: []int{1, 2}, want: []int{1, 2}},"
    ],
    "usesSubtest": false
  },
  "TestCase": {
    "filePath": "",
    "funcDecl": "// TestThirdPartyPackage compares slices using testify and quicktest.\nfunc TestThirdPartyPackage(t *testing.T) {\n\tc := qt.New(t)\n\ttests := []thirdPartyScenario{\n\t\t{name: \"equal\", input: []int{1, 2}, want: []int{1, 2}},\n\t}\n\tfor _, tc := range tests {\n\t\t// Testify assertion\n\t\tassert.Equal(t, tc.want, tc.input)\n\t\t// Quicktest subtest \u0026 assertion\n\t\tc.Run(tc.name, func(c *qt.C) {\n\t\t\tc.Assert(tc.input, qt.DeepEquals, tc.want)\n\t\t})\n\t}\n}",
    "importPath": "",
    "name": "TestThirdPartyPackage",
    "package": "sampleproj",
    "project": ""
  }
}